{"messages":[{"role":"user","content":"What is the product of 123 and 456?"},{"role":"assistant","content":null,"tool_calls":[{"id":"call_83EGwRvtPRUOQUsr3jGyHxAr","type":"function","function":{"name":"product","arguments":"{\"multiplicand\":123,\"multiplier\":456}"}}]},{"role":"tool","content":"56088.0","tool_call_id":"call_83EGwRvtPRUOQUsr3jGyHxAr"}],"model":"gpt-4o-mini","stream":true,"temperature":0.0,"tools":[{"type":"function","function":{"name":"product","description":"Get the product of two numbers","parameters":{"type":"object","properties":{"multiplicand":{"type":"number","description":"The multiplicand part of a product"},"multiplier":{"type":"number","description":"The multiplier part of a product"}},"required":["multiplicand","multiplier"]}}}],"tool_choice":"auto"}